// Jest Snapshot v1, https://goo.gl/fbAQLP

exports[`ReleasePage component renders ReleasePage 1`] = `
<DocumentFragment>
  <ul />
</DocumentFragment>
`;
