// Jest Snapshot v1, https://goo.gl/fbAQLP

exports[`Lyrics component renders Lyrics 1`] = `
<DocumentFragment>
  <ul
    data-testid="Lyrics"
  />
</DocumentFragment>
`;
