// Jest Snapshot v1, https://goo.gl/fbAQLP

exports[`SearchBar component renders SearchBar 1`] = `
<DocumentFragment>
  <form>
    <input
      value=""
    />
    <button>
      Search
    </button>
  </form>
</DocumentFragment>
`;
